// Jest Snapshot v1, https://goo.gl/fbAQLP

exports[`Wrapper component renders correctly 1`] = `
[
  <div
    className="right-arrow"
  >
    <svg
      aria-hidden="true"
      fill="none"
      height="1em"
      stroke="currentColor"
      strokeWidth="2"
      style={
        {
          "color": undefined,
        }
      }
      viewBox="0 0 24 24"
      width="1em"
      xmlns="http://www.w3.org/2000/svg"
    >
      <path
        d="M13 9l3 3m0 0l-3 3m3-3H8m13 0a9 9 0 11-18 0 9 9 0 0118 0z"
        strokeLinecap="round"
        strokeLinejoin="round"
      />
    </svg>
  </div>,
  <div
    className="content-wrapper"
  >
    <img
      alt=""
      className="map"
      src=""
    />
    <div
      className="content"
    >
      <h3
        className="sub-heading"
      />
    </div>
  </div>,
]
`;
